

================================================================
== Vivado HLS Report for 'Filter2DKernel'
================================================================
* Date:           Tue Apr 17 05:37:04 2018

* Version:        2017.1 (Build 1846317 on Fri Jul 14 12:21:14 MDT 2017)
* Project:        Filter2DKernel
* Solution:       solution_OCL_REGION_0
* Product family: virtexuplus
* Target device:  xcvu9p-flgb2104-2-i


================================================================
== Performance Estimates
================================================================
+ Timing (ns): 
    * Summary: 
    +--------+-------+----------+------------+
    |  Clock | Target| Estimated| Uncertainty|
    +--------+-------+----------+------------+
    |ap_clk  |   4.00|      2.92|        1.08|
    +--------+-------+----------+------------+

+ Latency (clock cycles): 
    * Summary: 
    +-----+------------+-----+------------+----------+
    |      Latency     |     Interval     | Pipeline |
    | min |     max    | min |     max    |   Type   |
    +-----+------------+-----+------------+----------+
    |  243|  1074069736|  237|  1074069730| dataflow |
    +-----+------------+-----+------------+----------+

    + Detail: 
        * Instance: 
        N/A

        * Loop: 
        N/A

============================================================
+ Verbose Summary: Synthesis Manager
============================================================
InlineROM: 1
ExposeGlobal: 0
============================================================
+ Verbose Summary: CDFG Model
============================================================
IsTopModel: 1
ResetActiveHigh: 1
IsCombinational: 2
IsDatapathOnly: 0
HasWiredReturn: 1
HasMFsm: 0
HasVarLatency: 1
IsPipeline: 0
IsRtlPipelined: 0
IsInstanceOverlapped: 0
IsDontTouch: 0
HasImplIP: 0
IsGatedGlobalClock: 0


============================================================
+ Verbose Summary: Schedule
============================================================
* Number of FSM states: 6
* Pipeline: 0
* Dataflow Pipeline: 1
  DF-Pipeline-0: Size = 6, States = { 1 2 3 4 5 6 }

* FSM state transitions: 
1 --> 
	2  / true
2 --> 
	3  / true
3 --> 
	4  / true
4 --> 
	5  / true
5 --> 
	6  / true
6 --> 
* FSM state operations: 

 <State 1>: 2.71ns
ST_1: dst_V_read (9)  [1/1] 1.00ns
:0  %dst_V_read = call i64 @_ssdm_op_Read.s_axilite.i64(i64 %dst_V)

ST_1: stride_read (10)  [1/1] 1.00ns
:1  %stride_read = call i32 @_ssdm_op_Read.s_axilite.i32(i32 %stride)

ST_1: height_read (11)  [1/1] 1.00ns
:2  %height_read = call i32 @_ssdm_op_Read.s_axilite.i32(i32 %height)

ST_1: width_read (12)  [1/1] 1.00ns
:3  %width_read = call i32 @_ssdm_op_Read.s_axilite.i32(i32 %width)

ST_1: src_V_read (13)  [1/1] 1.00ns
:4  %src_V_read = call i64 @_ssdm_op_Read.s_axilite.i64(i64 %src_V)

ST_1: coeffs_read (14)  [1/1] 1.00ns
:5  %coeffs_read = call i64 @_ssdm_op_Read.s_axilite.i64(i64 %coeffs)

ST_1: dst_V_c (15)  [1/1] 0.00ns
:6  %dst_V_c = alloca i64, align 8

ST_1: coeffs_c (16)  [1/1] 0.00ns
:7  %coeffs_c = alloca i64, align 8

ST_1: height_c2 (19)  [1/1] 0.00ns
:10  %height_c2 = alloca i32, align 4

ST_1: width_c1 (20)  [1/1] 0.00ns
:11  %width_c1 = alloca i32, align 4

ST_1: stride_c (21)  [1/1] 0.00ns
:12  %stride_c = alloca i32, align 4

ST_1: height_c (22)  [1/1] 0.00ns
:13  %height_c = alloca i32, align 4

ST_1: width_c (23)  [1/1] 0.00ns
:14  %width_c = alloca i32, align 4

ST_1: src_pixels_V (29)  [1/1] 0.00ns  loc: /home/centos/SME-Developer-Labs/module_02/filter2d/workspace/Filter2D/src/kernel/filter2d.cpp:79
:20  %src_pixels_V = alloca i8, align 1

ST_1: dst_pixels_V (32)  [1/1] 0.00ns  loc: /home/centos/SME-Developer-Labs/module_02/filter2d/workspace/Filter2D/src/kernel/filter2d.cpp:80
:23  %dst_pixels_V = alloca i8, align 1

ST_1: StgValue_22 (54)  [2/2] 1.71ns
:45  call fastcc void @AXIBursts2PixelStream8(i256* %gmem0, i64 %src_V_read, i32 %width_read, i32 %height_read, i32 %stride_read, i8* %src_pixels_V, i32* %width_c, i32* %height_c, i32* %stride_c, i64 %coeffs_read, i64 %dst_V_read, i64* %coeffs_c, i64* %dst_V_c)


 <State 2>: 0.00ns
ST_2: StgValue_23 (54)  [1/2] 0.00ns
:45  call fastcc void @AXIBursts2PixelStream8(i256* %gmem0, i64 %src_V_read, i32 %width_read, i32 %height_read, i32 %stride_read, i8* %src_pixels_V, i32* %width_c, i32* %height_c, i32* %stride_c, i64 %coeffs_read, i64 %dst_V_read, i64* %coeffs_c, i64* %dst_V_c)


 <State 3>: 0.00ns
ST_3: StgValue_24 (59)  [2/2] 0.00ns
:50  call fastcc void @Filter2D(i256* %gmem1, i64* nocapture %coeffs_c, i8* %src_pixels_V, i32* %width_c, i32* %height_c, i8* %dst_pixels_V, i32* %width_c1, i32* %height_c2)


 <State 4>: 0.00ns
ST_4: StgValue_25 (59)  [1/2] 0.00ns
:50  call fastcc void @Filter2D(i256* %gmem1, i64* nocapture %coeffs_c, i8* %src_pixels_V, i32* %width_c, i32* %height_c, i8* %dst_pixels_V, i32* %width_c1, i32* %height_c2)


 <State 5>: 0.00ns
ST_5: StgValue_26 (60)  [2/2] 0.00ns
:51  call fastcc void @PixelStream2AXIBursts(i8* %dst_pixels_V, i32* nocapture %width_c1, i32* nocapture %height_c2, i32* nocapture %stride_c, i256* %gmem1, i64* nocapture %dst_V_c)


 <State 6>: 0.00ns
ST_6: StgValue_27 (17)  [1/1] 0.00ns
:8  call void (...)* @_ssdm_op_SpecBitsMap(i256* %gmem0), !map !118

ST_6: StgValue_28 (18)  [1/1] 0.00ns
:9  call void (...)* @_ssdm_op_SpecBitsMap(i256* %gmem1), !map !124

ST_6: StgValue_29 (24)  [1/1] 0.00ns  loc: /home/centos/SME-Developer-Labs/module_02/filter2d/workspace/Filter2D/src/kernel/filter2d.cpp:84
:15  call void (...)* @_ssdm_op_SpecDataflowPipeline(i32 -1, [1 x i8]* @p_str17) nounwind

ST_6: StgValue_30 (25)  [1/1] 0.00ns
:16  call void (...)* @_ssdm_op_SpecBitsMap(i32 %width), !map !173

ST_6: StgValue_31 (26)  [1/1] 0.00ns
:17  call void (...)* @_ssdm_op_SpecBitsMap(i32 %height), !map !179

ST_6: StgValue_32 (27)  [1/1] 0.00ns
:18  call void (...)* @_ssdm_op_SpecBitsMap(i32 %stride), !map !183

ST_6: StgValue_33 (28)  [1/1] 0.00ns
:19  call void (...)* @_ssdm_op_SpecTopModule([15 x i8]* @Filter2DKernel_str) nounwind

ST_6: empty (30)  [1/1] 0.00ns
:21  %empty = call i32 (...)* @_ssdm_op_SpecChannel([13 x i8]* @src_pixels_OC_V_str, i32 1, [1 x i8]* @p_str25, [1 x i8]* @p_str25, i32 64, i32 64, i8* %src_pixels_V, i8* %src_pixels_V)

ST_6: StgValue_35 (31)  [1/1] 0.00ns
:22  call void (...)* @_ssdm_op_SpecInterface(i8* %src_pixels_V, [8 x i8]* @ap_fifo_str, i32 0, i32 0, [1 x i8]* @p_str26, i32 0, i32 0, [1 x i8]* @p_str27, [1 x i8]* @p_str29, [1 x i8]* @p_str30, i32 2, i32 2, i32 16, i32 16, [1 x i8]* @p_str31, [1 x i8]* @p_str32)

ST_6: empty_167 (33)  [1/1] 0.00ns
:24  %empty_167 = call i32 (...)* @_ssdm_op_SpecChannel([13 x i8]* @dst_pixels_OC_V_str, i32 1, [1 x i8]* @p_str33, [1 x i8]* @p_str33, i32 64, i32 64, i8* %dst_pixels_V, i8* %dst_pixels_V)

ST_6: StgValue_37 (34)  [1/1] 0.00ns
:25  call void (...)* @_ssdm_op_SpecInterface(i8* %dst_pixels_V, [8 x i8]* @ap_fifo_str, i32 0, i32 0, [1 x i8]* @p_str34, i32 0, i32 0, [1 x i8]* @p_str35, [1 x i8]* @p_str36, [1 x i8]* @p_str37, i32 2, i32 2, i32 16, i32 16, [1 x i8]* @p_str38, [1 x i8]* @p_str40)

ST_6: StgValue_38 (35)  [1/1] 0.00ns  loc: /home/centos/SME-Developer-Labs/module_02/filter2d/workspace/Filter2D/src/kernel/filter2d.cpp:63
:26  call void (...)* @_ssdm_op_SpecInterface(i256* %gmem0, [6 x i8]* @p_str6, i32 0, i32 0, [1 x i8]* @p_str17, i32 0, i32 0, [6 x i8]* @p_str28, [6 x i8]* @p_str39, [1 x i8]* @p_str17, i32 16, i32 16, i32 16, i32 16, [1 x i8]* @p_str17, [1 x i8]* @p_str17) nounwind

ST_6: StgValue_39 (36)  [1/1] 0.00ns  loc: /home/centos/SME-Developer-Labs/module_02/filter2d/workspace/Filter2D/src/kernel/filter2d.cpp:64
:27  call void (...)* @_ssdm_op_SpecInterface(i64 %src_V, [10 x i8]* @p_str410, i32 0, i32 0, [1 x i8]* @p_str17, i32 0, i32 0, [8 x i8]* @p_str511, [1 x i8]* @p_str17, [1 x i8]* @p_str17, i32 0, i32 0, i32 0, i32 0, [1 x i8]* @p_str17, [1 x i8]* @p_str17) nounwind

ST_6: StgValue_40 (37)  [1/1] 0.00ns  loc: /home/centos/SME-Developer-Labs/module_02/filter2d/workspace/Filter2D/src/kernel/filter2d.cpp:65
:28  call void (...)* @_ssdm_op_SpecInterface(i32 %width, [10 x i8]* @p_str410, i32 0, i32 0, [1 x i8]* @p_str17, i32 0, i32 0, [8 x i8]* @p_str511, [1 x i8]* @p_str17, [1 x i8]* @p_str17, i32 0, i32 0, i32 0, i32 0, [1 x i8]* @p_str17, [1 x i8]* @p_str17) nounwind

ST_6: StgValue_41 (38)  [1/1] 0.00ns  loc: /home/centos/SME-Developer-Labs/module_02/filter2d/workspace/Filter2D/src/kernel/filter2d.cpp:66
:29  call void (...)* @_ssdm_op_SpecInterface(i32 %height, [10 x i8]* @p_str410, i32 0, i32 0, [1 x i8]* @p_str17, i32 0, i32 0, [8 x i8]* @p_str511, [1 x i8]* @p_str17, [1 x i8]* @p_str17, i32 0, i32 0, i32 0, i32 0, [1 x i8]* @p_str17, [1 x i8]* @p_str17) nounwind

ST_6: StgValue_42 (39)  [1/1] 0.00ns  loc: /home/centos/SME-Developer-Labs/module_02/filter2d/workspace/Filter2D/src/kernel/filter2d.cpp:67
:30  call void (...)* @_ssdm_op_SpecInterface(i32 %stride, [10 x i8]* @p_str410, i32 0, i32 0, [1 x i8]* @p_str17, i32 0, i32 0, [8 x i8]* @p_str511, [1 x i8]* @p_str17, [1 x i8]* @p_str17, i32 0, i32 0, i32 0, i32 0, [1 x i8]* @p_str17, [1 x i8]* @p_str17) nounwind

ST_6: StgValue_43 (40)  [1/1] 0.00ns
:31  call void (...)* @_ssdm_op_SpecInterface(i256* %gmem1, [6 x i8]* @p_str6, i32 0, i32 0, [1 x i8]* @p_str17, i32 0, i32 0, [6 x i8]* @p_str612, [6 x i8]* @p_str39, [1 x i8]* @p_str17, i32 16, i32 16, i32 16, i32 16, [1 x i8]* @p_str17, [1 x i8]* @p_str17)

ST_6: StgValue_44 (41)  [1/1] 0.00ns
:32  call void (...)* @_ssdm_op_SpecInterface(i64 %coeffs, [10 x i8]* @p_str410, i32 0, i32 0, [1 x i8]* @p_str17, i32 0, i32 0, [8 x i8]* @p_str511, [1 x i8]* @p_str17, [1 x i8]* @p_str17, i32 0, i32 0, i32 0, i32 0, [1 x i8]* @p_str17, [1 x i8]* @p_str17)

ST_6: StgValue_45 (42)  [1/1] 0.00ns  loc: /home/centos/SME-Developer-Labs/module_02/filter2d/workspace/Filter2D/src/kernel/filter2d.cpp:71
:33  call void (...)* @_ssdm_op_SpecInterface(i64 %dst_V, [10 x i8]* @p_str410, i32 0, i32 0, [1 x i8]* @p_str17, i32 0, i32 0, [8 x i8]* @p_str511, [1 x i8]* @p_str17, [1 x i8]* @p_str17, i32 0, i32 0, i32 0, i32 0, [1 x i8]* @p_str17, [1 x i8]* @p_str17) nounwind

ST_6: StgValue_46 (43)  [1/1] 0.00ns  loc: /home/centos/SME-Developer-Labs/module_02/filter2d/workspace/Filter2D/src/kernel/filter2d.cpp:72
:34  call void (...)* @_ssdm_op_SpecInterface(i32 0, [10 x i8]* @p_str410, i32 0, i32 0, [1 x i8]* @p_str17, i32 0, i32 0, [8 x i8]* @p_str511, [1 x i8]* @p_str17, [1 x i8]* @p_str17, i32 0, i32 0, i32 0, i32 0, [1 x i8]* @p_str17, [1 x i8]* @p_str17) nounwind

ST_6: empty_168 (44)  [1/1] 0.00ns
:35  %empty_168 = call i32 (...)* @_ssdm_op_SpecChannel([8 x i8]* @width_c_str, i32 1, [1 x i8]* @p_str63, [1 x i8]* @p_str63, i32 1, i32 0, i32* %width_c, i32* %width_c)

ST_6: StgValue_48 (45)  [1/1] 0.00ns
:36  call void (...)* @_ssdm_op_SpecInterface(i32* %width_c, [8 x i8]* @ap_fifo_str, i32 0, i32 0, [1 x i8]* @p_str64, i32 0, i32 0, [1 x i8]* @p_str65, [1 x i8]* @p_str66, [1 x i8]* @p_str67, i32 2, i32 2, i32 16, i32 16, [1 x i8]* @p_str68, [1 x i8]* @p_str69)

ST_6: empty_169 (46)  [1/1] 0.00ns
:37  %empty_169 = call i32 (...)* @_ssdm_op_SpecChannel([9 x i8]* @height_c_str, i32 1, [1 x i8]* @p_str70, [1 x i8]* @p_str70, i32 1, i32 0, i32* %height_c, i32* %height_c)

ST_6: StgValue_50 (47)  [1/1] 0.00ns
:38  call void (...)* @_ssdm_op_SpecInterface(i32* %height_c, [8 x i8]* @ap_fifo_str, i32 0, i32 0, [1 x i8]* @p_str71, i32 0, i32 0, [1 x i8]* @p_str72, [1 x i8]* @p_str73, [1 x i8]* @p_str74, i32 2, i32 2, i32 16, i32 16, [1 x i8]* @p_str75, [1 x i8]* @p_str76)

ST_6: empty_170 (48)  [1/1] 0.00ns
:39  %empty_170 = call i32 (...)* @_ssdm_op_SpecChannel([9 x i8]* @stride_c_str, i32 1, [1 x i8]* @p_str77, [1 x i8]* @p_str77, i32 2, i32 0, i32* %stride_c, i32* %stride_c)

ST_6: StgValue_52 (49)  [1/1] 0.00ns
:40  call void (...)* @_ssdm_op_SpecInterface(i32* %stride_c, [8 x i8]* @ap_fifo_str, i32 0, i32 0, [1 x i8]* @p_str78, i32 0, i32 0, [1 x i8]* @p_str79, [1 x i8]* @p_str80, [1 x i8]* @p_str81, i32 2, i32 2, i32 16, i32 16, [1 x i8]* @p_str82, [1 x i8]* @p_str83)

ST_6: empty_171 (50)  [1/1] 0.00ns
:41  %empty_171 = call i32 (...)* @_ssdm_op_SpecChannel([9 x i8]* @coeffs_c_str, i32 1, [1 x i8]* @p_str24, [1 x i8]* @p_str24, i32 1, i32 0, i64* %coeffs_c, i64* %coeffs_c)

ST_6: StgValue_54 (51)  [1/1] 0.00ns
:42  call void (...)* @_ssdm_op_SpecInterface(i64* %coeffs_c, [8 x i8]* @ap_fifo_str, i32 0, i32 0, [1 x i8]* @p_str41, i32 0, i32 0, [1 x i8]* @p_str42, [1 x i8]* @p_str43, [1 x i8]* @p_str44, i32 2, i32 2, i32 16, i32 16, [1 x i8]* @p_str84, [1 x i8]* @p_str123)

ST_6: empty_172 (52)  [1/1] 0.00ns
:43  %empty_172 = call i32 (...)* @_ssdm_op_SpecChannel([8 x i8]* @dst_OC_V_c_str, i32 1, [1 x i8]* @p_str142, [1 x i8]* @p_str142, i32 2, i32 0, i64* %dst_V_c, i64* %dst_V_c)

ST_6: StgValue_56 (53)  [1/1] 0.00ns
:44  call void (...)* @_ssdm_op_SpecInterface(i64* %dst_V_c, [8 x i8]* @ap_fifo_str, i32 0, i32 0, [1 x i8]* @p_str143, i32 0, i32 0, [1 x i8]* @p_str144, [1 x i8]* @p_str145, [1 x i8]* @p_str146, i32 2, i32 2, i32 16, i32 16, [1 x i8]* @p_str147, [1 x i8]* @p_str148)

ST_6: empty_173 (55)  [1/1] 0.00ns
:46  %empty_173 = call i32 (...)* @_ssdm_op_SpecChannel([9 x i8]* @width_c1_str, i32 1, [1 x i8]* @p_str109, [1 x i8]* @p_str109, i32 1, i32 0, i32* %width_c1, i32* %width_c1)

ST_6: StgValue_58 (56)  [1/1] 0.00ns
:47  call void (...)* @_ssdm_op_SpecInterface(i32* %width_c1, [8 x i8]* @ap_fifo_str, i32 0, i32 0, [1 x i8]* @p_str110, i32 0, i32 0, [1 x i8]* @p_str111, [1 x i8]* @p_str112, [1 x i8]* @p_str113, i32 2, i32 2, i32 16, i32 16, [1 x i8]* @p_str114, [1 x i8]* @p_str115)

ST_6: empty_174 (57)  [1/1] 0.00ns
:48  %empty_174 = call i32 (...)* @_ssdm_op_SpecChannel([10 x i8]* @height_c2_str, i32 1, [1 x i8]* @p_str116, [1 x i8]* @p_str116, i32 1, i32 0, i32* %height_c2, i32* %height_c2)

ST_6: StgValue_60 (58)  [1/1] 0.00ns
:49  call void (...)* @_ssdm_op_SpecInterface(i32* %height_c2, [8 x i8]* @ap_fifo_str, i32 0, i32 0, [1 x i8]* @p_str117, i32 0, i32 0, [1 x i8]* @p_str118, [1 x i8]* @p_str119, [1 x i8]* @p_str120, i32 2, i32 2, i32 16, i32 16, [1 x i8]* @p_str121, [1 x i8]* @p_str122)

ST_6: StgValue_61 (60)  [1/2] 0.00ns
:51  call fastcc void @PixelStream2AXIBursts(i8* %dst_pixels_V, i32* nocapture %width_c1, i32* nocapture %height_c2, i32* nocapture %stride_c, i256* %gmem1, i64* nocapture %dst_V_c)

ST_6: StgValue_62 (61)  [1/1] 0.00ns  loc: /home/centos/SME-Developer-Labs/module_02/filter2d/workspace/Filter2D/src/kernel/filter2d.cpp:95
:52  ret void



============================================================
+ Verbose Summary: Timing violations
============================================================
Target clock period: 4ns, clock uncertainty: 1.08ns.

 <State 1>: 2.71ns
The critical path consists of the following:
	s_axi read on port 'dst_V' [9]  (1 ns)
	'call' operation to 'AXIBursts2PixelStream8' [54]  (1.71 ns)

 <State 2>: 0ns
The critical path consists of the following:

 <State 3>: 0ns
The critical path consists of the following:

 <State 4>: 0ns
The critical path consists of the following:

 <State 5>: 0ns
The critical path consists of the following:

 <State 6>: 0ns
The critical path consists of the following:


============================================================
+ Verbose Summary: Binding
============================================================
N/A
* FSMD analyzer results:
  - Output states:
 - Input state : 
  - Chain level:
	State 1
	State 2
	State 3
	State 4
	State 5
	State 6


============================================================
+ Verbose Summary: Datapath Resource usage 
============================================================
N/A
